// Jest Snapshot v1, https://goo.gl/fbAQLP

exports[`Room feedback Card Component should render correctly 1`] = `
<section>
  <p />
  <p>
    0
  </p>
</section>
`;
