// Jest Snapshot v1, https://goo.gl/fbAQLP

exports[`Room feedback list should render correctly 1`] = `
<Fragment>
  <div
    className="feedback-container overlay-container"
  >
    <SingleRoomFeedBack
      responseIds={Array []}
      roomCleanlinessRating={[Function]}
      roomId={null}
      showModal={[Function]}
      totalCleanlinessRating={[Function]}
      totalMissingItemsCount={[Function]}
      totalRoomResources={[Function]}
      visible={false}
    />
    <div
      className="feedback-card "
    >
      <RoomFeedbackCard
        key="0"
        title="Total Responses"
        value={0}
      />
      <RoomFeedbackCard
        key="1"
        title="Rooms With Missing Items"
        value={0}
      />
      <RoomFeedbackCard
        key="2"
        title="Average Ratings"
        value={0}
      />
    </div>
    <div
      className="feedback-reponses-list"
    >
      <header
        className="room-feedback-list-container"
      >
        <span>
          Meeting Room
        </span>
        <span>
          Responses
        </span>
        <span>
          Cleanliness Rating
        </span>
        <span>
          Missing Items
        </span>
        <span>
          Suggestion on how to improve
        </span>
      </header>
      <RoomFeedbackResponse
        activeRoomId={null}
        key="1"
        roomCleanlinessRating={[Function]}
        roomFeedbackResponse={
          Object {
            "response": Array [
              Object {
                "createdDate": "2019-06-25T14:45:26.577611",
                "id": 289,
                "resolved": false,
                "response": Object {
                  "__typename": "Rate",
                  "rate": 5,
                },
              },
              Object {
                "createdDate": "2019-06-25T14:45:27.942964",
                "id": 290,
                "resolved": false,
                "response": Object {
                  "__typename": "MissingItems",
                  "missingItems": Object {
                    "id": "test",
                    "name": "test name",
                  },
                },
              },
              Object {
                "createdDate": "2019-06-25T14:46:06.718295",
                "id": 291,
                "resolved": false,
                "response": Object {
                  "__typename": "SelectedOptions",
                  "options": Array [
                    "handywork",
                  ],
                },
              },
            ],
            "roomId": 1,
            "roomName": "Olkaria",
            "totalResponses": 25,
            "totalRoomResources": 5,
          }
        }
        totalCleanlinessRating={[Function]}
        totalMissingItemsCount={[Function]}
        totalRoomResources={[Function]}
        viewSingleFeed={[Function]}
      />
    </div>
  </div>
</Fragment>
`;
