// Jest Snapshot v1, https://goo.gl/fbAQLP

exports[`Test for edit room component should render roomsetup with edit room in it's dom 1`] = `
<Route
  render={[Function]}
/>
`;
