// Jest Snapshot v1, https://goo.gl/fbAQLP

exports[`AnalyticsOverview Component renders properly 1`] = `
<Fragment>
  <AveragePieChartList />
  <ComposedBookedRooms />
  <Checkins />
  <AverageMeetingList />
</Fragment>
`;
