// Jest Snapshot v1, https://goo.gl/fbAQLP

exports[`Back Arrow Component should render correctly 1`] = `
<NavLink
  activeClassName="active"
  ariaCurrent="true"
  className="arrow"
  to=""
>
  <span
    className="arrow-symbol"
  >
    â¬…
  </span>
  <span>
    Back
  </span>
</NavLink>
`;
