// Jest Snapshot v1, https://goo.gl/fbAQLP

exports[`Sort Component should render component without errors 1`] = `
<Fragment>
  <div
    className="dropdown-caret"
  >
    <button
      onMouseDown={[Function]}
    >
      <span>
         âŒ„ 
      </span>
    </button>
  </div>
</Fragment>
`;
