// Jest Snapshot v1, https://goo.gl/fbAQLP

exports[`ErrorBoundary component should render correctly 1`] = `
<ErrorBoundary
  error="Something went wrong"
  isAuthError={false}
>
  <Spinner
    size=""
  >
    <div
      className="centered"
    >
      <div
        className="spinner"
      />
    </div>
  </Spinner>
</ErrorBoundary>
`;
