// Jest Snapshot v1, https://goo.gl/fbAQLP

exports[`MrmModal Component renders properly 1`] = `
<MrmModal
  buttonText="button"
  className="modalClass"
  closeModal={true}
  handleCloseRequest={[MockFunction]}
  modalButtonClassName="button"
  openModal={false}
  title="hello"
>
  <IconButtons
    btnImage=""
    buttonText="button"
    disabled={false}
    modalButtonClassName="button"
    openModal={[Function]}
  >
    <button
      className="button"
      disabled={false}
      id="modal-button"
      onClick={[Function]}
    >
      button
    </button>
  </IconButtons>
  <Modal
    ariaHideApp={false}
    bodyOpenClassName="ReactModal__Body--open"
    className="modalClass"
    closeTimeoutMS={0}
    contentLabel="Parent Modal"
    isOpen={false}
    onAfterOpen={[Function]}
    onRequestClose={[Function]}
    parentSelector={[Function]}
    portalClassName="ReactModalPortal"
    shouldCloseOnEsc={true}
    shouldCloseOnOverlayClick={false}
    shouldFocusAfterRender={true}
    shouldReturnFocusAfterClose={true}
    style={
      Object {
        "content": Object {
          "backgroundColor": "#ffffff",
          "border": "1px solid #CCCCCC",
          "borderRadius": "4px",
          "bottom": "auto",
          "boxShadow": "0 2px 40px 10px rgba(185, 180, 180, 0.2)",
          "fontFamily": "DINPro-Regular",
          "left": "50%",
          "outline": "none",
          "overflow": "auto",
          "position": "absolute",
          "right": "auto",
          "top": "50%",
          "transform": "translate(-50%, -50%)",
        },
      }
    }
  >
    <Portal
      containerInfo={
        <div
          class="ReactModalPortal"
        />
      }
    >
      <ModalPortal
        ariaHideApp={false}
        bodyOpenClassName="ReactModal__Body--open"
        className="modalClass"
        closeTimeoutMS={0}
        contentLabel="Parent Modal"
        defaultStyles={
          Object {
            "content": Object {
              "WebkitOverflowScrolling": "touch",
              "background": "#fff",
              "border": "1px solid #ccc",
              "borderRadius": "4px",
              "bottom": "40px",
              "left": "40px",
              "outline": "none",
              "overflow": "auto",
              "padding": "20px",
              "position": "absolute",
              "right": "40px",
              "top": "40px",
            },
            "overlay": Object {
              "backgroundColor": "rgba(255, 255, 255, 0.75)",
              "bottom": 0,
              "left": 0,
              "position": "fixed",
              "right": 0,
              "top": 0,
            },
          }
        }
        isOpen={false}
        onAfterOpen={[Function]}
        onRequestClose={[Function]}
        parentSelector={[Function]}
        portalClassName="ReactModalPortal"
        shouldCloseOnEsc={true}
        shouldCloseOnOverlayClick={false}
        shouldFocusAfterRender={true}
        shouldReturnFocusAfterClose={true}
        style={
          Object {
            "content": Object {
              "backgroundColor": "#ffffff",
              "border": "1px solid #CCCCCC",
              "borderRadius": "4px",
              "bottom": "auto",
              "boxShadow": "0 2px 40px 10px rgba(185, 180, 180, 0.2)",
              "fontFamily": "DINPro-Regular",
              "left": "50%",
              "outline": "none",
              "overflow": "auto",
              "position": "absolute",
              "right": "auto",
              "top": "50%",
              "transform": "translate(-50%, -50%)",
            },
          }
        }
      />
    </Portal>
  </Modal>
</MrmModal>
`;
