// Jest Snapshot v1, https://goo.gl/fbAQLP

exports[`Pagination Component renders without crashing 1`] = `
<nav
  className="page-navigation"
>
  <div
    className="perPageBlock"
  >
    <ul
      className="pagination"
    >
      <select
        className="page-select"
        disabled={false}
        id="perPage"
        name="perPage"
        onChange={[Function]}
        value={5}
      >
        <option
          key="6"
        >
          5
        </option>
        <option
          key="11"
        >
          10
        </option>
        <option
          key="21"
        >
          20
        </option>
        <option
          key="51"
        >
          50
        </option>
      </select>
      <li>
        Items per page
      </li>
    </ul>
  </div>
  <div
    className="showingBlock"
  >
    <ul
      className="pagination"
    >
      <li>
        <button
          className="disabled"
          id="previous"
          onClick={[Function]}
        >
          Previous
        </button>
      </li>
      <li
        className="results"
      >
        <ul>
          <span>
            Showing 
            page
          </span>
          <select
            className="totalPage"
            disabled={false}
            id="totalPage"
            name="page"
            onChange={[Function]}
            value={1}
          >
            <option
              key="0"
            >
              1
            </option>
            <option
              key="1"
            >
              2
            </option>
            <option
              key="2"
            >
              3
            </option>
            <option
              key="3"
            >
              4
            </option>
          </select>
          <span
            className="pageNum"
          >
             of 
            4
          </span>
        </ul>
      </li>
      <li>
        <button
          className="enabled"
          id="next"
          onClick={[Function]}
        >
          Next
        </button>
      </li>
    </ul>
  </div>
</nav>
`;
