// Jest Snapshot v1, https://goo.gl/fbAQLP

exports[`PlaceHolder componenent should renders correctly 1`] = `
<div>
  Placeholder
</div>
`;
