// Jest Snapshot v1, https://goo.gl/fbAQLP

exports[`DeviceList Component renders correctly from memory 1`] = `
<div
  className="settings-devices-list overlay-container"
>
  <div
    className="settings-devices-control"
  />
  <div
    className="add-new-resource"
  >
    <DeviceFormModal
      closeModal={[Function]}
      device={Object {}}
      location={
        Object {
          "id": 2,
          "name": "Lagos",
        }
      }
      openModal={false}
      refetch={[Function]}
      rooms={
        Array [
          Object {
            "capacity": 9,
            "id": "1230",
            "imageUrl": "https://firebasestorage.googleapis.com/v0/b/andelamrm.appspot.com/o/upload%2F60410220_840773989622302_6083125467391459328_n.jpg?alt=media&token=a9c3cade-8c6a-4ee5-81ea-436e530364f2",
            "locationId": 2,
            "name": "Another here",
            "roomLabels": Array [
              "4th",
              "Kampala",
            ],
            "roomType": "Meeting room",
            "structureId": "8261c030-7ae9-4091-afb9-a2f4a457843f",
          },
        ]
      }
    />
  </div>
  <div
    className="table device-table"
  >
    <TableHead
      titles={
        Array [
          "Name",
          "Type",
          "Date Added",
          "Last Seen",
          "Room",
          "Location",
        ]
      }
    />
    <div
      className="table__body"
    >
      <Device
        device={
          Object {
            "dateAdded": "14 Aug 2018",
            "deviceType": "Internal Display",
            "lastSeen": "16 Feb 2018",
            "location": "Nairobi",
            "name": "Samsung Note",
            "room": Object {
              "name": "Akwaba",
            },
          }
        }
        handleAction={[Function]}
        key="Samsung Noteundefined"
      />
      <Device
        device={
          Object {
            "dateAdded": "14 Aug 2018",
            "deviceType": "Internal Display",
            "lastSeen": "16 Feb 2018",
            "location": "Nairobi",
            "name": "Samsung duos",
            "room": Object {
              "name": "Ubuntu",
            },
          }
        }
        handleAction={[Function]}
        key="Samsung duosundefined"
      />
      <Device
        device={
          Object {
            "dateAdded": "14 Aug 2018",
            "deviceType": "Internal Display",
            "lastSeen": "16 Feb 2018",
            "location": "Nairobi",
            "name": "Samsung Galaxy",
            "room": Object {
              "name": "Big Apple",
            },
          }
        }
        handleAction={[Function]}
        key="Samsung Galaxyundefined"
      />
      <Device
        device={
          Object {
            "dateAdded": "14 Aug 2018",
            "deviceType": "Internal Display",
            "lastSeen": "16 Feb 2018",
            "location": "Nairobi",
            "name": "Samsung tablet",
            "room": Object {
              "name": "Gold coast",
            },
          }
        }
        handleAction={[Function]}
        key="Samsung tabletundefined"
      />
    </div>
  </div>
</div>
`;
